// Jest Snapshot v1, https://goo.gl/fbAQLP

exports[`Auth saga checkUserSession 1`] = `
Object {
  "@@redux-saga/IO": true,
  "combinator": false,
  "payload": Object {
    "action": Object {
      "payload": 0,
      "type": "auth/auth",
    },
    "channel": undefined,
  },
  "type": "PUT",
}
`;

exports[`Auth saga logout 1`] = `Promise {}`;
